.next/types/app/(main)/subaccount/[subaccountId]/products/page.ts(34,29): error TS2344: Type 'PageProps' does not satisfy the constraint 'import("C:/Users/Administrator/Videos/pixora/.next/types/app/(main)/subaccount/[subaccountId]/products/page").PageProps'.
  Types of property 'params' are incompatible.
    Type '{ subaccountId: string; }' is missing the following properties from type 'Promise<any>': then, catch, finally, [Symbol.toStringTag]
src/app/(main)/subaccount/[subaccountId]/contacts/page.tsx(131,45): error TS2345: Argument of type '{ value: Decimal | null; }[]' is not assignable to parameter of type '{ value: number | null; }[]'.
  Type '{ value: Decimal | null; }' is not assignable to type '{ value: number | null; }'.
    Types of property 'value' are incompatible.
      Type 'Decimal | null' is not assignable to type 'number | null'.
        Type 'Decimal' is not assignable to type 'number'.
src/app/(main)/subaccount/[subaccountId]/products/_components/product-form.tsx(63,9): error TS2322: Type 'Resolver<{ name: string; price: string; description?: string | undefined; image?: string | undefined; recurring?: string | undefined; currency?: string | undefined; }, any, { name: string; price: string; currency: string; description?: string | undefined; image?: string | undefined; recurring?: string | undefined; }>' is not assignable to type 'Resolver<{ name: string; price: string; currency: string; description?: string | undefined; image?: string | undefined; recurring?: string | undefined; }, any, { name: string; price: string; currency: string; description?: string | undefined; image?: string | undefined; recurring?: string | undefined; }>'.
  Types of parameters 'options' and 'options' are incompatible.
    Type 'ResolverOptions<{ name: string; price: string; currency: string; description?: string | undefined; image?: string | undefined; recurring?: string | undefined; }>' is not assignable to type 'ResolverOptions<{ name: string; price: string; description?: string | undefined; image?: string | undefined; recurring?: string | undefined; currency?: string | undefined; }>'.
      Type 'string | undefined' is not assignable to type 'string'.
        Type 'undefined' is not assignable to type 'string'.
src/app/(main)/subaccount/[subaccountId]/products/_components/product-form.tsx(190,51): error TS2345: Argument of type '(formValues: z.infer<typeof formSchema>) => Promise<void>' is not assignable to parameter of type 'SubmitHandler<TFieldValues>'.
  Types of parameters 'formValues' and 'data' are incompatible.
    Type 'TFieldValues' is not assignable to type '{ name: string; price: string; currency: string; description?: string | undefined; image?: string | undefined; recurring?: string | undefined; }'.
      Type 'FieldValues' is missing the following properties from type '{ name: string; price: string; currency: string; description?: string | undefined; image?: string | undefined; recurring?: string | undefined; }': name, price, currency
src/app/(main)/subaccount/[subaccountId]/products/_components/product-form.tsx(202,25): error TS2322: Type 'Control<{ name: string; price: string; currency: string; description?: string | undefined; image?: string | undefined; recurring?: string | undefined; }, any, TFieldValues>' is not assignable to type 'Control<{ name: string; price: string; currency: string; description?: string | undefined; image?: string | undefined; recurring?: string | undefined; }, any, { name: string; price: string; currency: string; description?: string | undefined; image?: string | undefined; recurring?: string | undefined; }>'.
  The types of '_options.resolver' are incompatible between these types.
    Type 'Resolver<{ name: string; price: string; currency: string; description?: string | undefined; image?: string | undefined; recurring?: string | undefined; }, any, TFieldValues> | undefined' is not assignable to type 'Resolver<{ name: string; price: string; currency: string; description?: string | undefined; image?: string | undefined; recurring?: string | undefined; }, any, { name: string; price: string; currency: string; description?: string | undefined; image?: string | undefined; recurring?: string | undefined; }> | undefined'.
      Type 'Resolver<{ name: string; price: string; currency: string; description?: string | undefined; image?: string | undefined; recurring?: string | undefined; }, any, TFieldValues>' is not assignable to type 'Resolver<{ name: string; price: string; currency: string; description?: string | undefined; image?: string | undefined; recurring?: string | undefined; }, any, { name: string; price: string; currency: string; description?: string | undefined; image?: string | undefined; recurring?: string | undefined; }>'.
        Type 'ResolverResult<{ name: string; price: string; currency: string; description?: string | undefined; image?: string | undefined; recurring?: string | undefined; }, TFieldValues> | Promise<...>' is not assignable to type 'ResolverResult<{ name: string; price: string; currency: string; description?: string | undefined; image?: string | undefined; recurring?: string | undefined; }, { name: string; price: string; currency: string; description?: string | undefined; image?: string | undefined; recurring?: string | undefined; }> | Promise<...'.
          Type 'ResolverSuccess<TFieldValues>' is not assignable to type 'ResolverResult<{ name: string; price: string; currency: string; description?: string | undefined; image?: string | undefined; recurring?: string | undefined; }, { name: string; price: string; currency: string; description?: string | undefined; image?: string | undefined; recurring?: string | undefined; }> | Promise<...'.
            Type 'ResolverSuccess<TFieldValues>' is not assignable to type 'ResolverSuccess<{ name: string; price: string; currency: string; description?: string | undefined; image?: string | undefined; recurring?: string | undefined; }>'.
              Type 'TFieldValues' is not assignable to type '{ name: string; price: string; currency: string; description?: string | undefined; image?: string | undefined; recurring?: string | undefined; }'.
                Type 'FieldValues' is missing the following properties from type '{ name: string; price: string; currency: string; description?: string | undefined; image?: string | undefined; recurring?: string | undefined; }': name, price, currency
src/app/(main)/subaccount/[subaccountId]/products/_components/product-form.tsx(220,25): error TS2322: Type 'Control<{ name: string; price: string; currency: string; description?: string | undefined; image?: string | undefined; recurring?: string | undefined; }, any, TFieldValues>' is not assignable to type 'Control<{ name: string; price: string; currency: string; description?: string | undefined; image?: string | undefined; recurring?: string | undefined; }, any, { name: string; price: string; currency: string; description?: string | undefined; image?: string | undefined; recurring?: string | undefined; }>'.
  The types of '_options.resolver' are incompatible between these types.
    Type 'Resolver<{ name: string; price: string; currency: string; description?: string | undefined; image?: string | undefined; recurring?: string | undefined; }, any, TFieldValues> | undefined' is not assignable to type 'Resolver<{ name: string; price: string; currency: string; description?: string | undefined; image?: string | undefined; recurring?: string | undefined; }, any, { name: string; price: string; currency: string; description?: string | undefined; image?: string | undefined; recurring?: string | undefined; }> | undefined'.
      Type 'Resolver<{ name: string; price: string; currency: string; description?: string | undefined; image?: string | undefined; recurring?: string | undefined; }, any, TFieldValues>' is not assignable to type 'Resolver<{ name: string; price: string; currency: string; description?: string | undefined; image?: string | undefined; recurring?: string | undefined; }, any, { name: string; price: string; currency: string; description?: string | undefined; image?: string | undefined; recurring?: string | undefined; }>'.
        Type 'ResolverResult<{ name: string; price: string; currency: string; description?: string | undefined; image?: string | undefined; recurring?: string | undefined; }, TFieldValues> | Promise<...>' is not assignable to type 'ResolverResult<{ name: string; price: string; currency: string; description?: string | undefined; image?: string | undefined; recurring?: string | undefined; }, { name: string; price: string; currency: string; description?: string | undefined; image?: string | undefined; recurring?: string | undefined; }> | Promise<...'.
          Type 'ResolverSuccess<TFieldValues>' is not assignable to type 'ResolverResult<{ name: string; price: string; currency: string; description?: string | undefined; image?: string | undefined; recurring?: string | undefined; }, { name: string; price: string; currency: string; description?: string | undefined; image?: string | undefined; recurring?: string | undefined; }> | Promise<...'.
            Type 'ResolverSuccess<TFieldValues>' is not assignable to type 'ResolverSuccess<{ name: string; price: string; currency: string; description?: string | undefined; image?: string | undefined; recurring?: string | undefined; }>'.
              Type 'TFieldValues' is not assignable to type '{ name: string; price: string; currency: string; description?: string | undefined; image?: string | undefined; recurring?: string | undefined; }'.
                Type 'FieldValues' is missing the following properties from type '{ name: string; price: string; currency: string; description?: string | undefined; image?: string | undefined; recurring?: string | undefined; }': name, price, currency
src/app/(main)/subaccount/[subaccountId]/products/_components/product-form.tsx(235,29): error TS2322: Type 'Control<{ name: string; price: string; currency: string; description?: string | undefined; image?: string | undefined; recurring?: string | undefined; }, any, TFieldValues>' is not assignable to type 'Control<{ name: string; price: string; currency: string; description?: string | undefined; image?: string | undefined; recurring?: string | undefined; }, any, { name: string; price: string; currency: string; description?: string | undefined; image?: string | undefined; recurring?: string | undefined; }>'.
  The types of '_options.resolver' are incompatible between these types.
    Type 'Resolver<{ name: string; price: string; currency: string; description?: string | undefined; image?: string | undefined; recurring?: string | undefined; }, any, TFieldValues> | undefined' is not assignable to type 'Resolver<{ name: string; price: string; currency: string; description?: string | undefined; image?: string | undefined; recurring?: string | undefined; }, any, { name: string; price: string; currency: string; description?: string | undefined; image?: string | undefined; recurring?: string | undefined; }> | undefined'.
      Type 'Resolver<{ name: string; price: string; currency: string; description?: string | undefined; image?: string | undefined; recurring?: string | undefined; }, any, TFieldValues>' is not assignable to type 'Resolver<{ name: string; price: string; currency: string; description?: string | undefined; image?: string | undefined; recurring?: string | undefined; }, any, { name: string; price: string; currency: string; description?: string | undefined; image?: string | undefined; recurring?: string | undefined; }>'.
        Type 'ResolverResult<{ name: string; price: string; currency: string; description?: string | undefined; image?: string | undefined; recurring?: string | undefined; }, TFieldValues> | Promise<...>' is not assignable to type 'ResolverResult<{ name: string; price: string; currency: string; description?: string | undefined; image?: string | undefined; recurring?: string | undefined; }, { name: string; price: string; currency: string; description?: string | undefined; image?: string | undefined; recurring?: string | undefined; }> | Promise<...'.
          Type 'ResolverSuccess<TFieldValues>' is not assignable to type 'ResolverResult<{ name: string; price: string; currency: string; description?: string | undefined; image?: string | undefined; recurring?: string | undefined; }, { name: string; price: string; currency: string; description?: string | undefined; image?: string | undefined; recurring?: string | undefined; }> | Promise<...'.
            Type 'ResolverSuccess<TFieldValues>' is not assignable to type 'ResolverSuccess<{ name: string; price: string; currency: string; description?: string | undefined; image?: string | undefined; recurring?: string | undefined; }>'.
              Type 'TFieldValues' is not assignable to type '{ name: string; price: string; currency: string; description?: string | undefined; image?: string | undefined; recurring?: string | undefined; }'.
                Type 'FieldValues' is missing the following properties from type '{ name: string; price: string; currency: string; description?: string | undefined; image?: string | undefined; recurring?: string | undefined; }': name, price, currency
src/app/(main)/subaccount/[subaccountId]/products/_components/product-form.tsx(254,29): error TS2322: Type 'Control<{ name: string; price: string; currency: string; description?: string | undefined; image?: string | undefined; recurring?: string | undefined; }, any, TFieldValues>' is not assignable to type 'Control<{ name: string; price: string; currency: string; description?: string | undefined; image?: string | undefined; recurring?: string | undefined; }, any, { name: string; price: string; currency: string; description?: string | undefined; image?: string | undefined; recurring?: string | undefined; }>'.
  The types of '_options.resolver' are incompatible between these types.
    Type 'Resolver<{ name: string; price: string; currency: string; description?: string | undefined; image?: string | undefined; recurring?: string | undefined; }, any, TFieldValues> | undefined' is not assignable to type 'Resolver<{ name: string; price: string; currency: string; description?: string | undefined; image?: string | undefined; recurring?: string | undefined; }, any, { name: string; price: string; currency: string; description?: string | undefined; image?: string | undefined; recurring?: string | undefined; }> | undefined'.
      Type 'Resolver<{ name: string; price: string; currency: string; description?: string | undefined; image?: string | undefined; recurring?: string | undefined; }, any, TFieldValues>' is not assignable to type 'Resolver<{ name: string; price: string; currency: string; description?: string | undefined; image?: string | undefined; recurring?: string | undefined; }, any, { name: string; price: string; currency: string; description?: string | undefined; image?: string | undefined; recurring?: string | undefined; }>'.
        Type 'ResolverResult<{ name: string; price: string; currency: string; description?: string | undefined; image?: string | undefined; recurring?: string | undefined; }, TFieldValues> | Promise<...>' is not assignable to type 'ResolverResult<{ name: string; price: string; currency: string; description?: string | undefined; image?: string | undefined; recurring?: string | undefined; }, { name: string; price: string; currency: string; description?: string | undefined; image?: string | undefined; recurring?: string | undefined; }> | Promise<...'.
          Type 'ResolverSuccess<TFieldValues>' is not assignable to type 'ResolverResult<{ name: string; price: string; currency: string; description?: string | undefined; image?: string | undefined; recurring?: string | undefined; }, { name: string; price: string; currency: string; description?: string | undefined; image?: string | undefined; recurring?: string | undefined; }> | Promise<...'.
            Type 'ResolverSuccess<TFieldValues>' is not assignable to type 'ResolverSuccess<{ name: string; price: string; currency: string; description?: string | undefined; image?: string | undefined; recurring?: string | undefined; }>'.
              Type 'TFieldValues' is not assignable to type '{ name: string; price: string; currency: string; description?: string | undefined; image?: string | undefined; recurring?: string | undefined; }'.
                Type 'FieldValues' is missing the following properties from type '{ name: string; price: string; currency: string; description?: string | undefined; image?: string | undefined; recurring?: string | undefined; }': name, price, currency
src/app/(main)/subaccount/[subaccountId]/products/_components/product-form.tsx(284,25): error TS2322: Type 'Control<{ name: string; price: string; currency: string; description?: string | undefined; image?: string | undefined; recurring?: string | undefined; }, any, TFieldValues>' is not assignable to type 'Control<{ name: string; price: string; currency: string; description?: string | undefined; image?: string | undefined; recurring?: string | undefined; }, any, { name: string; price: string; currency: string; description?: string | undefined; image?: string | undefined; recurring?: string | undefined; }>'.
  The types of '_options.resolver' are incompatible between these types.
    Type 'Resolver<{ name: string; price: string; currency: string; description?: string | undefined; image?: string | undefined; recurring?: string | undefined; }, any, TFieldValues> | undefined' is not assignable to type 'Resolver<{ name: string; price: string; currency: string; description?: string | undefined; image?: string | undefined; recurring?: string | undefined; }, any, { name: string; price: string; currency: string; description?: string | undefined; image?: string | undefined; recurring?: string | undefined; }> | undefined'.
      Type 'Resolver<{ name: string; price: string; currency: string; description?: string | undefined; image?: string | undefined; recurring?: string | undefined; }, any, TFieldValues>' is not assignable to type 'Resolver<{ name: string; price: string; currency: string; description?: string | undefined; image?: string | undefined; recurring?: string | undefined; }, any, { name: string; price: string; currency: string; description?: string | undefined; image?: string | undefined; recurring?: string | undefined; }>'.
        Type 'ResolverResult<{ name: string; price: string; currency: string; description?: string | undefined; image?: string | undefined; recurring?: string | undefined; }, TFieldValues> | Promise<...>' is not assignable to type 'ResolverResult<{ name: string; price: string; currency: string; description?: string | undefined; image?: string | undefined; recurring?: string | undefined; }, { name: string; price: string; currency: string; description?: string | undefined; image?: string | undefined; recurring?: string | undefined; }> | Promise<...'.
          Type 'ResolverSuccess<TFieldValues>' is not assignable to type 'ResolverResult<{ name: string; price: string; currency: string; description?: string | undefined; image?: string | undefined; recurring?: string | undefined; }, { name: string; price: string; currency: string; description?: string | undefined; image?: string | undefined; recurring?: string | undefined; }> | Promise<...'.
            Type 'ResolverSuccess<TFieldValues>' is not assignable to type 'ResolverSuccess<{ name: string; price: string; currency: string; description?: string | undefined; image?: string | undefined; recurring?: string | undefined; }>'.
              Type 'TFieldValues' is not assignable to type '{ name: string; price: string; currency: string; description?: string | undefined; image?: string | undefined; recurring?: string | undefined; }'.
                Type 'FieldValues' is missing the following properties from type '{ name: string; price: string; currency: string; description?: string | undefined; image?: string | undefined; recurring?: string | undefined; }': name, price, currency
src/app/(main)/subaccount/[subaccountId]/products/_components/product-form.tsx(314,25): error TS2322: Type 'Control<{ name: string; price: string; currency: string; description?: string | undefined; image?: string | undefined; recurring?: string | undefined; }, any, TFieldValues>' is not assignable to type 'Control<{ name: string; price: string; currency: string; description?: string | undefined; image?: string | undefined; recurring?: string | undefined; }, any, { name: string; price: string; currency: string; description?: string | undefined; image?: string | undefined; recurring?: string | undefined; }>'.
  The types of '_options.resolver' are incompatible between these types.
    Type 'Resolver<{ name: string; price: string; currency: string; description?: string | undefined; image?: string | undefined; recurring?: string | undefined; }, any, TFieldValues> | undefined' is not assignable to type 'Resolver<{ name: string; price: string; currency: string; description?: string | undefined; image?: string | undefined; recurring?: string | undefined; }, any, { name: string; price: string; currency: string; description?: string | undefined; image?: string | undefined; recurring?: string | undefined; }> | undefined'.
      Type 'Resolver<{ name: string; price: string; currency: string; description?: string | undefined; image?: string | undefined; recurring?: string | undefined; }, any, TFieldValues>' is not assignable to type 'Resolver<{ name: string; price: string; currency: string; description?: string | undefined; image?: string | undefined; recurring?: string | undefined; }, any, { name: string; price: string; currency: string; description?: string | undefined; image?: string | undefined; recurring?: string | undefined; }>'.
        Type 'ResolverResult<{ name: string; price: string; currency: string; description?: string | undefined; image?: string | undefined; recurring?: string | undefined; }, TFieldValues> | Promise<...>' is not assignable to type 'ResolverResult<{ name: string; price: string; currency: string; description?: string | undefined; image?: string | undefined; recurring?: string | undefined; }, { name: string; price: string; currency: string; description?: string | undefined; image?: string | undefined; recurring?: string | undefined; }> | Promise<...'.
          Type 'ResolverSuccess<TFieldValues>' is not assignable to type 'ResolverResult<{ name: string; price: string; currency: string; description?: string | undefined; image?: string | undefined; recurring?: string | undefined; }, { name: string; price: string; currency: string; description?: string | undefined; image?: string | undefined; recurring?: string | undefined; }> | Promise<...'.
            Type 'ResolverSuccess<TFieldValues>' is not assignable to type 'ResolverSuccess<{ name: string; price: string; currency: string; description?: string | undefined; image?: string | undefined; recurring?: string | undefined; }>'.
              Type 'TFieldValues' is not assignable to type '{ name: string; price: string; currency: string; description?: string | undefined; image?: string | undefined; recurring?: string | undefined; }'.
                Type 'FieldValues' is missing the following properties from type '{ name: string; price: string; currency: string; description?: string | undefined; image?: string | undefined; recurring?: string | undefined; }': name, price, currency
src/app/api/stripe/products/route.ts(66,11): error TS2322: Type 'string | null' is not assignable to type 'string | undefined'.
  Type 'null' is not assignable to type 'string | undefined'.
src/components/forms/upload-media.tsx(49,56): error TS2345: Argument of type '{ link: string; name: string; }' is not assignable to parameter of type 'CreateMediaType'.
  Type '{ link: string; name: string; }' is missing the following properties from type 'CreateMediaType': type, subAccountId
src/components/forms/upload-media.tsx(54,9): error TS2561: Object literal may only specify known properties, but 'subAccountId' does not exist in type '{ agencyId?: string | undefined; description: string; subaccountId?: string | undefined; }'. Did you mean to write 'subaccountId'?
src/components/modules/editor/editor-layers/EditorLayersTree.tsx(61,19): error TS2322: Type '{ children: Element; scrollShadow: boolean; }' is not assignable to type 'IntrinsicAttributes & Omit<ScrollAreaProps & RefAttributes<HTMLDivElement>, "ref"> & RefAttributes<...>'.
  Property 'scrollShadow' does not exist on type 'IntrinsicAttributes & Omit<ScrollAreaProps & RefAttributes<HTMLDivElement>, "ref"> & RefAttributes<...>'.
src/components/modules/media/MediaCard.tsx(52,7): error TS2561: Object literal may only specify known properties, but 'subAccountId' does not exist in type '{ agencyId?: string | undefined; description: string; subaccountId?: string | undefined; }'. Did you mean to write 'subaccountId'?
src/lib/editor/templates/pricing.ts(8,5): error TS2554: Expected 4 arguments, but got 3.
src/lib/editor/templates/pricing.ts(18,13): error TS2554: Expected 4 arguments, but got 3.
src/lib/editor/templates/pricing.ts(30,21): error TS2554: Expected 4 arguments, but got 3.
src/lib/editor/templates/pricing.ts(44,21): error TS2554: Expected 4 arguments, but got 3.
src/lib/editor/templates/pricing.ts(55,21): error TS2554: Expected 4 arguments, but got 3.
src/lib/editor/templates/pricing.ts(68,13): error TS2554: Expected 4 arguments, but got 3.
src/lib/editor/templates/pricing.ts(110,25): error TS2554: Expected 4 arguments, but got 3.
src/lib/editor/templates/pricing.ts(133,39): error TS2554: Expected 4 arguments, but got 3.
src/lib/editor/templates/pricing.ts(148,44): error TS2554: Expected 4 arguments, but got 3.
src/lib/editor/templates/pricing.ts(150,39): error TS2554: Expected 4 arguments, but got 3.
src/lib/editor/templates/pricing.ts(153,33): error TS2554: Expected 4 arguments, but got 3.
src/lib/editor/templates/pricing.ts(165,33): error TS2554: Expected 4 arguments, but got 3.
src/lib/editor/templates/pricing.ts(174,41): error TS2554: Expected 4 arguments, but got 3.
src/lib/editor/templates/pricing.ts(185,41): error TS2554: Expected 4 arguments, but got 3.
src/lib/editor/templates/pricing.ts(198,33): error TS2554: Expected 4 arguments, but got 3.
src/lib/editor/templates/pricing.ts(210,33): error TS2554: Expected 5 arguments, but got 4.
src/lib/editor/templates/pricing.ts(238,33): error TS2554: Expected 4 arguments, but got 3.
src/lib/editor/templates/pricing.ts(252,41): error TS2554: Expected 4 arguments, but got 3.
src/lib/editor/templates/pricing.ts(260,49): error TS2554: Expected 4 arguments, but got 3.
src/lib/editor/templates/pricing.ts(270,49): error TS2554: Expected 4 arguments, but got 3.
src/lib/editor/templates/products.ts(8,5): error TS2554: Expected 4 arguments, but got 3.
src/lib/editor/templates/products.ts(18,13): error TS2554: Expected 4 arguments, but got 3.
src/lib/editor/templates/products.ts(30,21): error TS2554: Expected 4 arguments, but got 3.
src/lib/editor/templates/products.ts(44,21): error TS2554: Expected 4 arguments, but got 3.
src/lib/editor/templates/products.ts(55,21): error TS2554: Expected 4 arguments, but got 3.
src/lib/editor/templates/products.ts(68,13): error TS2554: Expected 4 arguments, but got 3.
src/lib/editor/templates/products.ts(105,28): error TS2554: Expected 4 arguments, but got 3.
src/lib/editor/templates/products.ts(119,29): error TS2554: Expected 4 arguments, but got 3.
src/lib/editor/templates/products.ts(145,29): error TS2554: Expected 4 arguments, but got 3.
src/lib/editor/templates/products.ts(155,37): error TS2554: Expected 4 arguments, but got 3.
src/lib/editor/templates/products.ts(164,45): error TS2554: Expected 4 arguments, but got 3.
src/lib/editor/templates/products.ts(175,45): error TS2554: Expected 4 arguments, but got 3.
src/lib/editor/templates/products.ts(188,37): error TS2554: Expected 4 arguments, but got 3.
src/lib/editor/templates/products.ts(200,37): error TS2554: Expected 4 arguments, but got 3.
src/lib/editor/templates/products.ts(208,45): error TS2554: Expected 5 arguments, but got 4.
